
> api-pulse-frontend@0.1.0 build
> next build

node.exe : (node:17624) [MODULE_TYPELESS_PACKAGE_JSON] Warning: Module type of 
file:///C:/Users/yogkp/OneDrive/Desktop/Projects/API_Pulse/frontend/next.config.js is not 
specified and it doesn't parse as CommonJS.
At line:1 char:1
+ & "C:\Program Files\nodejs/node.exe" "C:\Program Files\nodejs/node_mo ...
+ ~~~~~~~~~~~~~~~~~~~~~~~~~~~~~~~~~~~~~~~~~~~~~~~~~~~~~~~~~~~~~~~~~~~~~
    + CategoryInfo          : NotSpecified: ((node:17624) [M...se as CommonJS.:String) [] 
   , RemoteException
    + FullyQualifiedErrorId : NativeCommandError
 
Reparsing as ES module because module syntax was detected. This incurs a performance 
overhead.
To eliminate this warning, add "type": "module" to 
C:\Users\yogkp\OneDrive\Desktop\Projects\API_Pulse\frontend\package.json.
(Use `node --trace-warnings ...` to show where the warning was created)
  Γû▓ Next.js 14.2.33
  - Environments: .env

   Creating an optimized production build ...
(node:10576) [MODULE_TYPELESS_PACKAGE_JSON] Warning: Module type of 
file:///C:/Users/yogkp/OneDrive/Desktop/Projects/API_Pulse/frontend/next.config.js is not 
specified and it doesn't parse as CommonJS.
Reparsing as ES module because module syntax was detected. This incurs a performance 
overhead.
To eliminate this warning, add "type": "module" to 
C:\Users\yogkp\OneDrive\Desktop\Projects\API_Pulse\frontend\package.json.
(Use `node --trace-warnings ...` to show where the warning was created)
(node:12452) [MODULE_TYPELESS_PACKAGE_JSON] Warning: Module type of 
file:///C:/Users/yogkp/OneDrive/Desktop/Projects/API_Pulse/frontend/next.config.js is not 
specified and it doesn't parse as CommonJS.
Reparsing as ES module because module syntax was detected. This incurs a performance 
overhead.
To eliminate this warning, add "type": "module" to 
C:\Users\yogkp\OneDrive\Desktop\Projects\API_Pulse\frontend\package.json.
(Use `node --trace-warnings ...` to show where the warning was created)
(node:1916) [MODULE_TYPELESS_PACKAGE_JSON] Warning: Module type of 
file:///C:/Users/yogkp/OneDrive/Desktop/Projects/API_Pulse/frontend/next.config.js is not 
specified and it doesn't parse as CommonJS.
Reparsing as ES module because module syntax was detected. This incurs a performance 
overhead.
To eliminate this warning, add "type": "module" to 
C:\Users\yogkp\OneDrive\Desktop\Projects\API_Pulse\frontend\package.json.
(Use `node --trace-warnings ...` to show where the warning was created)
 Γ£ô Compiled successfully
   Linting and checking validity of types ...
Failed to compile.

./app/dashboard/settings/page.tsx:333:37
Type error: Cannot find name 'testingId'.

[0m [90m 331 |[39m                         [33m<[39m[33mbutton[39m[0m
[0m [90m 332 |[39m                           onClick[33m=[39m{() [33m=>[39m 
handleTestIntegration(integration[33m.[39mid)}[0m
[0m[31m[1m>[22m[39m[90m 333 |[39m                           
disabled[33m=[39m{testingId [33m===[39m integration[33m.[39mid}[0m
[0m [90m     |[39m                                     [31m[1m^[22m[39m[0m
[0m [90m 334 |[39m                           className[33m=[39m[32m"px-4 py-2 
text-sm bg-blue-50 text-blue-600 rounded-lg hover:bg-blue-100 disabled:opacity-50 
transition-colors font-medium"[39m[0m
[0m [90m 335 |[39m                         [33m>[39m[0m
[0m [90m 336 |[39m                           {testingId [33m===[39m 
integration[33m.[39mid [33m?[39m [32m'Testing...'[39m [33m:[39m 
[32m'Test'[39m}[0m
Next.js build worker exited with code: 1 and signal: null
